[2025-10-08T15:06:42.092Z] PrismaClientInitializationError: 
Invalid `prisma.report.findMany()` invocation:


Authentication failed against database server, the provided database credentials for `illmqhng_admin` are not valid.

Please make sure to provide valid database credentials for the database server at the configured address.
    at ei.handleRequestError (C:\Users\user\Desktop\working\node_modules\@prisma\client\runtime\library.js:121:7568)
    at ei.handleAndLogRequestError (C:\Users\user\Desktop\working\node_modules\@prisma\client\runtime\library.js:121:6593)
    at ei.request (C:\Users\user\Desktop\working\node_modules\@prisma\client\runtime\library.js:121:6300)
    at async a (C:\Users\user\Desktop\working\node_modules\@prisma\client\runtime\library.js:130:9551)
    at async GET (webpack-internal:///(rsc)/./src/app/api/reports/route.ts:120:25)
    at async AppRouteRouteModule.do (C:\Users\user\Desktop\working\node_modules\next\dist\compiled\next-server\app-route.runtime.dev.js:26:34112)
    at async AppRouteRouteModule.handle (C:\Users\user\Desktop\working\node_modules\next\dist\compiled\next-server\app-route.runtime.dev.js:26:41338)
    at async doRender (C:\Users\user\Desktop\working\node_modules\next\dist\server\base-server.js:1518:42)
    at async DevServer.renderToResponseWithComponentsImpl (C:\Users\user\Desktop\working\node_modules\next\dist\server\base-server.js:1920:28)
    at async DevServer.renderPageComponent (C:\Users\user\Desktop\working\node_modules\next\dist\server\base-server.js:2408:24)
    at async DevServer.renderToResponseImpl (C:\Users\user\Desktop\working\node_modules\next\dist\server\base-server.js:2445:32)
    at async DevServer.pipeImpl (C:\Users\user\Desktop\working\node_modules\next\dist\server\base-server.js:1008:25)
    at async NextNodeServer.handleCatchallRenderRequest (C:\Users\user\Desktop\working\node_modules\next\dist\server\next-server.js:305:17)
    at async DevServer.handleRequestImpl (C:\Users\user\Desktop\working\node_modules\next\dist\server\base-server.js:900:17)
    at async C:\Users\user\Desktop\working\node_modules\next\dist\server\dev\next-dev-server.js:371:20
    at async Span.traceAsyncFn (C:\Users\user\Desktop\working\node_modules\next\dist\trace\trace.js:157:20)
    at async DevServer.handleRequest (C:\Users\user\Desktop\working\node_modules\next\dist\server\dev\next-dev-server.js:368:24)
    at async invokeRender (C:\Users\user\Desktop\working\node_modules\next\dist\server\lib\router-server.js:237:21)
    at async handleRequest (C:\Users\user\Desktop\working\node_modules\next\dist\server\lib\router-server.js:428:24)
    at async requestHandlerImpl (C:\Users\user\Desktop\working\node_modules\next\dist\server\lib\router-server.js:452:13)
    at async Server.requestListener (C:\Users\user\Desktop\working\node_modules\next\dist\server\lib\start-server.js:158:13)
[2025-10-08T15:09:35.318Z] PrismaClientInitializationError: 
Invalid `prisma.blog.findMany()` invocation:


Authentication failed against database server, the provided database credentials for `illmqhng_admin` are not valid.

Please make sure to provide valid database credentials for the database server at the configured address.
    at ei.handleRequestError (C:\Users\user\Desktop\working\node_modules\@prisma\client\runtime\library.js:121:7568)
    at ei.handleAndLogRequestError (C:\Users\user\Desktop\working\node_modules\@prisma\client\runtime\library.js:121:6593)
    at ei.request (C:\Users\user\Desktop\working\node_modules\@prisma\client\runtime\library.js:121:6300)
    at async a (C:\Users\user\Desktop\working\node_modules\@prisma\client\runtime\library.js:130:9551)
    at async GET (webpack-internal:///(rsc)/./src/app/api/blogs/route.ts:99:23)
    at async AppRouteRouteModule.do (C:\Users\user\Desktop\working\node_modules\next\dist\compiled\next-server\app-route.runtime.dev.js:26:34112)
    at async AppRouteRouteModule.handle (C:\Users\user\Desktop\working\node_modules\next\dist\compiled\next-server\app-route.runtime.dev.js:26:41338)
    at async doRender (C:\Users\user\Desktop\working\node_modules\next\dist\server\base-server.js:1518:42)
    at async DevServer.renderToResponseWithComponentsImpl (C:\Users\user\Desktop\working\node_modules\next\dist\server\base-server.js:1920:28)
    at async DevServer.renderPageComponent (C:\Users\user\Desktop\working\node_modules\next\dist\server\base-server.js:2408:24)
    at async DevServer.renderToResponseImpl (C:\Users\user\Desktop\working\node_modules\next\dist\server\base-server.js:2445:32)
    at async DevServer.pipeImpl (C:\Users\user\Desktop\working\node_modules\next\dist\server\base-server.js:1008:25)
    at async NextNodeServer.handleCatchallRenderRequest (C:\Users\user\Desktop\working\node_modules\next\dist\server\next-server.js:305:17)
    at async DevServer.handleRequestImpl (C:\Users\user\Desktop\working\node_modules\next\dist\server\base-server.js:900:17)
    at async C:\Users\user\Desktop\working\node_modules\next\dist\server\dev\next-dev-server.js:371:20
    at async Span.traceAsyncFn (C:\Users\user\Desktop\working\node_modules\next\dist\trace\trace.js:157:20)
    at async DevServer.handleRequest (C:\Users\user\Desktop\working\node_modules\next\dist\server\dev\next-dev-server.js:368:24)
    at async invokeRender (C:\Users\user\Desktop\working\node_modules\next\dist\server\lib\router-server.js:237:21)
    at async handleRequest (C:\Users\user\Desktop\working\node_modules\next\dist\server\lib\router-server.js:428:24)
    at async requestHandlerImpl (C:\Users\user\Desktop\working\node_modules\next\dist\server\lib\router-server.js:452:13)
    at async Server.requestListener (C:\Users\user\Desktop\working\node_modules\next\dist\server\lib\start-server.js:158:13)
[2025-10-08T15:09:37.471Z] PrismaClientInitializationError: 
Invalid `prisma.blog.findMany()` invocation:


Authentication failed against database server, the provided database credentials for `illmqhng_admin` are not valid.

Please make sure to provide valid database credentials for the database server at the configured address.
    at ei.handleRequestError (C:\Users\user\Desktop\working\node_modules\@prisma\client\runtime\library.js:121:7568)
    at ei.handleAndLogRequestError (C:\Users\user\Desktop\working\node_modules\@prisma\client\runtime\library.js:121:6593)
    at ei.request (C:\Users\user\Desktop\working\node_modules\@prisma\client\runtime\library.js:121:6300)
    at async a (C:\Users\user\Desktop\working\node_modules\@prisma\client\runtime\library.js:130:9551)
    at async GET (webpack-internal:///(rsc)/./src/app/api/blogs/route.ts:99:23)
    at async AppRouteRouteModule.do (C:\Users\user\Desktop\working\node_modules\next\dist\compiled\next-server\app-route.runtime.dev.js:26:34112)
    at async AppRouteRouteModule.handle (C:\Users\user\Desktop\working\node_modules\next\dist\compiled\next-server\app-route.runtime.dev.js:26:41338)
    at async doRender (C:\Users\user\Desktop\working\node_modules\next\dist\server\base-server.js:1518:42)
    at async DevServer.renderToResponseWithComponentsImpl (C:\Users\user\Desktop\working\node_modules\next\dist\server\base-server.js:1920:28)
    at async DevServer.renderPageComponent (C:\Users\user\Desktop\working\node_modules\next\dist\server\base-server.js:2408:24)
    at async DevServer.renderToResponseImpl (C:\Users\user\Desktop\working\node_modules\next\dist\server\base-server.js:2445:32)
    at async DevServer.pipeImpl (C:\Users\user\Desktop\working\node_modules\next\dist\server\base-server.js:1008:25)
    at async NextNodeServer.handleCatchallRenderRequest (C:\Users\user\Desktop\working\node_modules\next\dist\server\next-server.js:305:17)
    at async DevServer.handleRequestImpl (C:\Users\user\Desktop\working\node_modules\next\dist\server\base-server.js:900:17)
    at async C:\Users\user\Desktop\working\node_modules\next\dist\server\dev\next-dev-server.js:371:20
    at async Span.traceAsyncFn (C:\Users\user\Desktop\working\node_modules\next\dist\trace\trace.js:157:20)
    at async DevServer.handleRequest (C:\Users\user\Desktop\working\node_modules\next\dist\server\dev\next-dev-server.js:368:24)
    at async invokeRender (C:\Users\user\Desktop\working\node_modules\next\dist\server\lib\router-server.js:237:21)
    at async handleRequest (C:\Users\user\Desktop\working\node_modules\next\dist\server\lib\router-server.js:428:24)
    at async requestHandlerImpl (C:\Users\user\Desktop\working\node_modules\next\dist\server\lib\router-server.js:452:13)
    at async Server.requestListener (C:\Users\user\Desktop\working\node_modules\next\dist\server\lib\start-server.js:158:13)
[2025-10-08T15:19:00.189Z] PrismaClientInitializationError: 
Invalid `prisma.blog.findMany()` invocation:


Authentication failed against database server, the provided database credentials for `illmqhng_admin` are not valid.

Please make sure to provide valid database credentials for the database server at the configured address.
    at ei.handleRequestError (C:\Users\user\Desktop\working\node_modules\@prisma\client\runtime\library.js:121:7568)
    at ei.handleAndLogRequestError (C:\Users\user\Desktop\working\node_modules\@prisma\client\runtime\library.js:121:6593)
    at ei.request (C:\Users\user\Desktop\working\node_modules\@prisma\client\runtime\library.js:121:6300)
    at async a (C:\Users\user\Desktop\working\node_modules\@prisma\client\runtime\library.js:130:9551)
    at async GET (webpack-internal:///(rsc)/./src/app/api/blogs/route.ts:99:23)
    at async AppRouteRouteModule.do (C:\Users\user\Desktop\working\node_modules\next\dist\compiled\next-server\app-route.runtime.dev.js:26:34112)
    at async AppRouteRouteModule.handle (C:\Users\user\Desktop\working\node_modules\next\dist\compiled\next-server\app-route.runtime.dev.js:26:41338)
    at async doRender (C:\Users\user\Desktop\working\node_modules\next\dist\server\base-server.js:1518:42)
    at async DevServer.renderToResponseWithComponentsImpl (C:\Users\user\Desktop\working\node_modules\next\dist\server\base-server.js:1920:28)
    at async DevServer.renderPageComponent (C:\Users\user\Desktop\working\node_modules\next\dist\server\base-server.js:2408:24)
    at async DevServer.renderToResponseImpl (C:\Users\user\Desktop\working\node_modules\next\dist\server\base-server.js:2445:32)
    at async DevServer.pipeImpl (C:\Users\user\Desktop\working\node_modules\next\dist\server\base-server.js:1008:25)
    at async NextNodeServer.handleCatchallRenderRequest (C:\Users\user\Desktop\working\node_modules\next\dist\server\next-server.js:305:17)
    at async DevServer.handleRequestImpl (C:\Users\user\Desktop\working\node_modules\next\dist\server\base-server.js:900:17)
    at async C:\Users\user\Desktop\working\node_modules\next\dist\server\dev\next-dev-server.js:371:20
    at async Span.traceAsyncFn (C:\Users\user\Desktop\working\node_modules\next\dist\trace\trace.js:157:20)
    at async DevServer.handleRequest (C:\Users\user\Desktop\working\node_modules\next\dist\server\dev\next-dev-server.js:368:24)
    at async invokeRender (C:\Users\user\Desktop\working\node_modules\next\dist\server\lib\router-server.js:237:21)
    at async handleRequest (C:\Users\user\Desktop\working\node_modules\next\dist\server\lib\router-server.js:428:24)
    at async requestHandlerImpl (C:\Users\user\Desktop\working\node_modules\next\dist\server\lib\router-server.js:452:13)
    at async Server.requestListener (C:\Users\user\Desktop\working\node_modules\next\dist\server\lib\start-server.js:158:13)
[2025-10-08T20:36:23.510Z] Error: @prisma/client did not initialize yet. Please run "prisma generate" and try to import it again.
    at new PrismaClient (C:\Users\user\Desktop\working\icu\icu-frontend\node_modules\.prisma\client\default.js:43:11)
    at 69688 (C:\Users\user\Desktop\working\icu\icu-frontend\.next\server\app\api\admin\login\route.js:2:2131)
    at t (C:\Users\user\Desktop\working\icu\icu-frontend\.next\server\webpack-runtime.js:1:143)
    at 81083 (C:\Users\user\Desktop\working\icu\icu-frontend\.next\server\app\api\admin\login\route.js:2:2498)
    at t (C:\Users\user\Desktop\working\icu\icu-frontend\.next\server\webpack-runtime.js:1:143)
    at a (C:\Users\user\Desktop\working\icu\icu-frontend\.next\server\app\api\admin\login\route.js:2:41095)
    at C:\Users\user\Desktop\working\icu\icu-frontend\.next\server\app\api\admin\login\route.js:2:41132
    at t.X (C:\Users\user\Desktop\working\icu\icu-frontend\.next\server\webpack-runtime.js:1:1285)
    at C:\Users\user\Desktop\working\icu\icu-frontend\.next\server\app\api\admin\login\route.js:2:41108
    at Object.<anonymous> (C:\Users\user\Desktop\working\icu\icu-frontend\.next\server\app\api\admin\login\route.js:2:41160)
[2025-10-08T20:36:23.703Z] Error: @prisma/client did not initialize yet. Please run "prisma generate" and try to import it again.
    at new PrismaClient (C:\Users\user\Desktop\working\icu\icu-frontend\node_modules\.prisma\client\default.js:43:11)
    at 69688 (C:\Users\user\Desktop\working\icu\icu-frontend\.next\server\app\api\blogs\[id]\route.js:2:495)
    at t (C:\Users\user\Desktop\working\icu\icu-frontend\.next\server\webpack-runtime.js:1:143)
    at 19451 (C:\Users\user\Desktop\working\icu\icu-frontend\.next\server\app\api\blogs\[id]\route.js:1:584)
    at t (C:\Users\user\Desktop\working\icu\icu-frontend\.next\server\webpack-runtime.js:1:143)
    at r (C:\Users\user\Desktop\working\icu\icu-frontend\.next\server\app\api\blogs\[id]\route.js:2:793)
    at C:\Users\user\Desktop\working\icu\icu-frontend\.next\server\app\api\blogs\[id]\route.js:2:835
    at t.X (C:\Users\user\Desktop\working\icu\icu-frontend\.next\server\webpack-runtime.js:1:1285)
    at C:\Users\user\Desktop\working\icu\icu-frontend\.next\server\app\api\blogs\[id]\route.js:2:806
    at Object.<anonymous> (C:\Users\user\Desktop\working\icu\icu-frontend\.next\server\app\api\blogs\[id]\route.js:2:863)
[2026-02-27T15:11:45.619Z] Error: @prisma/client did not initialize yet. Please run "prisma generate" and try to import it again.
    at new PrismaClient (C:\Users\Adriel\Downloads\icu\icu\icu-frontend\node_modules\.prisma\client\default.js:43:11)
    at 69688 (C:\Users\Adriel\Downloads\icu\icu\icu-frontend\.next\server\app\api\blogs\[id]\route.js:2:495)
    at t (C:\Users\Adriel\Downloads\icu\icu\icu-frontend\.next\server\webpack-runtime.js:1:143)
    at 21396 (C:\Users\Adriel\Downloads\icu\icu\icu-frontend\.next\server\app\api\blogs\[id]\route.js:1:584)
    at t (C:\Users\Adriel\Downloads\icu\icu\icu-frontend\.next\server\webpack-runtime.js:1:143)
    at r (C:\Users\Adriel\Downloads\icu\icu\icu-frontend\.next\server\app\api\blogs\[id]\route.js:2:793)
    at C:\Users\Adriel\Downloads\icu\icu\icu-frontend\.next\server\app\api\blogs\[id]\route.js:2:835
    at t.X (C:\Users\Adriel\Downloads\icu\icu\icu-frontend\.next\server\webpack-runtime.js:1:1285)
    at C:\Users\Adriel\Downloads\icu\icu\icu-frontend\.next\server\app\api\blogs\[id]\route.js:2:806
    at Object.<anonymous> (C:\Users\Adriel\Downloads\icu\icu\icu-frontend\.next\server\app\api\blogs\[id]\route.js:2:863)
[2026-02-27T15:11:45.639Z] Error: @prisma/client did not initialize yet. Please run "prisma generate" and try to import it again.
    at new PrismaClient (C:\Users\Adriel\Downloads\icu\icu\icu-frontend\node_modules\.prisma\client\default.js:43:11)
    at 69688 (C:\Users\Adriel\Downloads\icu\icu\icu-frontend\.next\server\app\api\admin\login\route.js:2:40896)
    at t (C:\Users\Adriel\Downloads\icu\icu\icu-frontend\.next\server\webpack-runtime.js:1:143)
    at 62414 (C:\Users\Adriel\Downloads\icu\icu\icu-frontend\.next\server\app\api\admin\login\route.js:2:2140)
    at t (C:\Users\Adriel\Downloads\icu\icu\icu-frontend\.next\server\webpack-runtime.js:1:143)
    at a (C:\Users\Adriel\Downloads\icu\icu\icu-frontend\.next\server\app\api\admin\login\route.js:2:41095)
    at C:\Users\Adriel\Downloads\icu\icu\icu-frontend\.next\server\app\api\admin\login\route.js:2:41132
    at t.X (C:\Users\Adriel\Downloads\icu\icu\icu-frontend\.next\server\webpack-runtime.js:1:1285)
    at C:\Users\Adriel\Downloads\icu\icu\icu-frontend\.next\server\app\api\admin\login\route.js:2:41108
    at Object.<anonymous> (C:\Users\Adriel\Downloads\icu\icu\icu-frontend\.next\server\app\api\admin\login\route.js:2:41160)
[2026-02-27T15:11:45.643Z] Error: @prisma/client did not initialize yet. Please run "prisma generate" and try to import it again.
    at new PrismaClient (C:\Users\Adriel\Downloads\icu\icu\icu-frontend\node_modules\.prisma\client\default.js:43:11)
    at 69688 (C:\Users\Adriel\Downloads\icu\icu\icu-frontend\.next\server\app\api\careers\route.js:2:2450)
    at t (C:\Users\Adriel\Downloads\icu\icu\icu-frontend\.next\server\webpack-runtime.js:1:143)
    at 43366 (C:\Users\Adriel\Downloads\icu\icu\icu-frontend\.next\server\app\api\careers\route.js:2:297)
    at t (C:\Users\Adriel\Downloads\icu\icu\icu-frontend\.next\server\webpack-runtime.js:1:143)
    at t (C:\Users\Adriel\Downloads\icu\icu\icu-frontend\.next\server\app\api\careers\route.js:2:2745)
    at C:\Users\Adriel\Downloads\icu\icu\icu-frontend\.next\server\app\api\careers\route.js:2:2787
    at t.X (C:\Users\Adriel\Downloads\icu\icu\icu-frontend\.next\server\webpack-runtime.js:1:1285)
    at C:\Users\Adriel\Downloads\icu\icu\icu-frontend\.next\server\app\api\careers\route.js:2:2758
    at Object.<anonymous> (C:\Users\Adriel\Downloads\icu\icu\icu-frontend\.next\server\app\api\careers\route.js:2:2815)
[2026-02-27T15:11:45.659Z] Error: @prisma/client did not initialize yet. Please run "prisma generate" and try to import it again.
    at new PrismaClient (C:\Users\Adriel\Downloads\icu\icu\icu-frontend\node_modules\.prisma\client\default.js:43:11)
    at 69688 (C:\Users\Adriel\Downloads\icu\icu\icu-frontend\.next\server\app\api\newsletter\route.js:2:444)
    at t (C:\Users\Adriel\Downloads\icu\icu\icu-frontend\.next\server\webpack-runtime.js:1:143)
    at 84478 (C:\Users\Adriel\Downloads\icu\icu\icu-frontend\.next\server\app\api\newsletter\route.js:2:799)
    at t (C:\Users\Adriel\Downloads\icu\icu\icu-frontend\.next\server\webpack-runtime.js:1:143)
    at t (C:\Users\Adriel\Downloads\icu\icu\icu-frontend\.next\server\app\api\newsletter\route.js:2:1771)
    at C:\Users\Adriel\Downloads\icu\icu\icu-frontend\.next\server\app\api\newsletter\route.js:2:1808
    at t.X (C:\Users\Adriel\Downloads\icu\icu\icu-frontend\.next\server\webpack-runtime.js:1:1285)
    at C:\Users\Adriel\Downloads\icu\icu\icu-frontend\.next\server\app\api\newsletter\route.js:2:1784
    at Object.<anonymous> (C:\Users\Adriel\Downloads\icu\icu\icu-frontend\.next\server\app\api\newsletter\route.js:2:1836)
